Archive member included to satisfy reference by file (symbol)

c:/intelswtools/issm_2016.1.067/tools/compiler/gcc-ia/5.2.1/bin/../lib/gcc/i586-intel-elfiamcu/5.2.1/../../../../i586-intel-elfiamcu/lib\libc.a(lib_a-errno.o)
                              ./debug/quark_se/x86/obj/./newlib-syscalls.o (__errno)
c:/intelswtools/issm_2016.1.067/tools/compiler/gcc-ia/5.2.1/bin/../lib/gcc/i586-intel-elfiamcu/5.2.1/../../../../i586-intel-elfiamcu/lib\libc.a(lib_a-impure.o)
                              c:/intelswtools/issm_2016.1.067/tools/compiler/gcc-ia/5.2.1/bin/../lib/gcc/i586-intel-elfiamcu/5.2.1/../../../../i586-intel-elfiamcu/lib\libc.a(lib_a-errno.o) (_impure_ptr)
c:/intelswtools/issm_2016.1.067/tools/compiler/gcc-ia/5.2.1/bin/../lib/gcc/i586-intel-elfiamcu/5.2.1/../../../../i586-intel-elfiamcu/lib\libc.a(lib_a-memcpy.o)
                              ./debug/quark_se/x86/obj/./app_entry.o (memcpy)
c:/intelswtools/issm_2016.1.067/tools/compiler/gcc-ia/5.2.1/bin/../lib/gcc/i586-intel-elfiamcu/5.2.1/../../../../i586-intel-elfiamcu/lib\libc.a(lib_a-memset.o)
                              ./debug/quark_se/x86/obj/./app_entry.o (memset)
./bsp/build/debug/quark_se/x86/libqmsi/lib\libqmsi_quark_se_1.1.0d.a(clk.o)
                              ./debug/quark_se/x86/obj/main.o (clk_sys_udelay)
./bsp/build/debug/quark_se/x86/libqmsi/lib\libqmsi_quark_se_1.1.0d.a(qm_flash.o)
                              ./bsp/build/debug/quark_se/x86/libqmsi/lib\libqmsi_quark_se_1.1.0d.a(clk.o) (qm_flash)
./bsp/build/debug/quark_se/x86/libqmsi/lib\libqmsi_quark_se_1.1.0d.a(qm_interrupt.o)
                              ./debug/quark_se/x86/obj/./newlib-syscalls.o (qm_irq_disable)
./bsp/build/debug/quark_se/x86/libqmsi/lib\libqmsi_quark_se_1.1.0d.a(qm_pinmux.o)
                              ./debug/quark_se/x86/obj/./newlib-syscalls.o (qm_pmux_select)
./bsp/build/debug/quark_se/x86/libqmsi/lib\libqmsi_quark_se_1.1.0d.a(qm_uart.o)
                              ./debug/quark_se/x86/obj/./newlib-syscalls.o (qm_uart_set_config)
./bsp/build/debug/quark_se/x86/libqmsi/lib\libqmsi_quark_se_1.1.0d.a(qm_dma.o)
                              ./bsp/build/debug/quark_se/x86/libqmsi/lib\libqmsi_quark_se_1.1.0d.a(qm_uart.o) (qm_dma_channel_set_config)

Discarded input sections

 .text          0x00000000        0x0 ./debug/quark_se/x86/obj/main.o
 .data          0x00000000        0x0 ./debug/quark_se/x86/obj/main.o
 .bss           0x00000000        0x0 ./debug/quark_se/x86/obj/main.o
 .text          0x00000000        0x0 ./debug/quark_se/x86/obj/./app_entry.o
 .data          0x00000000        0x0 ./debug/quark_se/x86/obj/./app_entry.o
 .bss           0x00000000        0x0 ./debug/quark_se/x86/obj/./app_entry.o
 .text          0x00000000        0x0 ./debug/quark_se/x86/obj/./newlib-syscalls.o
 .data          0x00000000        0x0 ./debug/quark_se/x86/obj/./newlib-syscalls.o
 .bss           0x00000000        0x0 ./debug/quark_se/x86/obj/./newlib-syscalls.o
 .text.puts     0x00000000       0x41 ./debug/quark_se/x86/obj/./newlib-syscalls.o
 .rodata        0x00000000       0x22 ./debug/quark_se/x86/obj/./newlib-syscalls.o
 .text.__assert_func
                0x00000000       0xa5 ./debug/quark_se/x86/obj/./newlib-syscalls.o
 .text.close    0x00000000       0x1b ./debug/quark_se/x86/obj/./newlib-syscalls.o
 .text.isatty   0x00000000       0x1b ./debug/quark_se/x86/obj/./newlib-syscalls.o
 .text.read     0x00000000       0x21 ./debug/quark_se/x86/obj/./newlib-syscalls.o
 .text.write    0x00000000       0x5d ./debug/quark_se/x86/obj/./newlib-syscalls.o
 .text.lseek    0x00000000       0x21 ./debug/quark_se/x86/obj/./newlib-syscalls.o
 .text.fstat    0x00000000       0x3b ./debug/quark_se/x86/obj/./newlib-syscalls.o
 .text.sbrk     0x00000000       0x5c ./debug/quark_se/x86/obj/./newlib-syscalls.o
 .data.prog_break.3393
                0x00000000        0x4 ./debug/quark_se/x86/obj/./newlib-syscalls.o
 .text          0x00000000        0x0 ./bsp/soc/quark_se/debug/quark_se/x86/obj/power_states.o
 .data          0x00000000        0x0 ./bsp/soc/quark_se/debug/quark_se/x86/obj/power_states.o
 .bss           0x00000000        0x0 ./bsp/soc/quark_se/debug/quark_se/x86/obj/power_states.o
 .text.power_soc_sleep
                0x00000000       0x2c ./bsp/soc/quark_se/debug/quark_se/x86/obj/power_states.o
 .text.power_soc_deep_sleep
                0x00000000       0x40 ./bsp/soc/quark_se/debug/quark_se/x86/obj/power_states.o
 .text.power_cpu_c1
                0x00000000        0x7 ./bsp/soc/quark_se/debug/quark_se/x86/obj/power_states.o
 .text.power_cpu_c2
                0x00000000       0x20 ./bsp/soc/quark_se/debug/quark_se/x86/obj/power_states.o
 .text.power_cpu_c2lp
                0x00000000       0x20 ./bsp/soc/quark_se/debug/quark_se/x86/obj/power_states.o
 .debug_info    0x00000000      0x344 ./bsp/soc/quark_se/debug/quark_se/x86/obj/power_states.o
 .debug_abbrev  0x00000000       0xdd ./bsp/soc/quark_se/debug/quark_se/x86/obj/power_states.o
 .debug_aranges
                0x00000000       0x40 ./bsp/soc/quark_se/debug/quark_se/x86/obj/power_states.o
 .debug_ranges  0x00000000       0x30 ./bsp/soc/quark_se/debug/quark_se/x86/obj/power_states.o
 .debug_line    0x00000000      0x1bf ./bsp/soc/quark_se/debug/quark_se/x86/obj/power_states.o
 .debug_str     0x00000000      0x403 ./bsp/soc/quark_se/debug/quark_se/x86/obj/power_states.o
 .comment       0x00000000       0x6f ./bsp/soc/quark_se/debug/quark_se/x86/obj/power_states.o
 .debug_frame   0x00000000       0xb4 ./bsp/soc/quark_se/debug/quark_se/x86/obj/power_states.o
 .text          0x00000000        0x0 ./bsp/soc/quark_se/debug/quark_se/x86/obj/vreg.o
 .data          0x00000000        0x0 ./bsp/soc/quark_se/debug/quark_se/x86/obj/vreg.o
 .bss           0x00000000        0x0 ./bsp/soc/quark_se/debug/quark_se/x86/obj/vreg.o
 .data.vreg     0x00000000       0x10 ./bsp/soc/quark_se/debug/quark_se/x86/obj/vreg.o
 .text.vreg_set_mode
                0x00000000       0x8f ./bsp/soc/quark_se/debug/quark_se/x86/obj/vreg.o
 .text.vreg_aon_set_mode
                0x00000000       0x34 ./bsp/soc/quark_se/debug/quark_se/x86/obj/vreg.o
 .text.vreg_plat3p3_set_mode
                0x00000000       0x27 ./bsp/soc/quark_se/debug/quark_se/x86/obj/vreg.o
 .text.vreg_plat1p8_set_mode
                0x00000000       0x27 ./bsp/soc/quark_se/debug/quark_se/x86/obj/vreg.o
 .text.vreg_host_set_mode
                0x00000000       0x27 ./bsp/soc/quark_se/debug/quark_se/x86/obj/vreg.o
 .debug_info    0x00000000      0x45b ./bsp/soc/quark_se/debug/quark_se/x86/obj/vreg.o
 .debug_abbrev  0x00000000      0x124 ./bsp/soc/quark_se/debug/quark_se/x86/obj/vreg.o
 .debug_aranges
                0x00000000       0x40 ./bsp/soc/quark_se/debug/quark_se/x86/obj/vreg.o
 .debug_ranges  0x00000000       0x30 ./bsp/soc/quark_se/debug/quark_se/x86/obj/vreg.o
 .debug_line    0x00000000      0x1f8 ./bsp/soc/quark_se/debug/quark_se/x86/obj/vreg.o
 .debug_str     0x00000000      0x45e ./bsp/soc/quark_se/debug/quark_se/x86/obj/vreg.o
 .comment       0x00000000       0x6f ./bsp/soc/quark_se/debug/quark_se/x86/obj/vreg.o
 .debug_frame   0x00000000       0xb4 ./bsp/soc/quark_se/debug/quark_se/x86/obj/vreg.o
 .text          0x00000000        0x0 c:/intelswtools/issm_2016.1.067/tools/compiler/gcc-ia/5.2.1/bin/../lib/gcc/i586-intel-elfiamcu/5.2.1/../../../../i586-intel-elfiamcu/lib\libc.a(lib_a-errno.o)
 .data          0x00000000        0x0 c:/intelswtools/issm_2016.1.067/tools/compiler/gcc-ia/5.2.1/bin/../lib/gcc/i586-intel-elfiamcu/5.2.1/../../../../i586-intel-elfiamcu/lib\libc.a(lib_a-errno.o)
 .bss           0x00000000        0x0 c:/intelswtools/issm_2016.1.067/tools/compiler/gcc-ia/5.2.1/bin/../lib/gcc/i586-intel-elfiamcu/5.2.1/../../../../i586-intel-elfiamcu/lib\libc.a(lib_a-errno.o)
 .text.unlikely.__errno
                0x00000000        0x0 c:/intelswtools/issm_2016.1.067/tools/compiler/gcc-ia/5.2.1/bin/../lib/gcc/i586-intel-elfiamcu/5.2.1/../../../../i586-intel-elfiamcu/lib\libc.a(lib_a-errno.o)
 .text.__errno  0x00000000        0x6 c:/intelswtools/issm_2016.1.067/tools/compiler/gcc-ia/5.2.1/bin/../lib/gcc/i586-intel-elfiamcu/5.2.1/../../../../i586-intel-elfiamcu/lib\libc.a(lib_a-errno.o)
 .comment       0x00000000       0x6f c:/intelswtools/issm_2016.1.067/tools/compiler/gcc-ia/5.2.1/bin/../lib/gcc/i586-intel-elfiamcu/5.2.1/../../../../i586-intel-elfiamcu/lib\libc.a(lib_a-errno.o)
 .eh_frame      0x00000000       0x2c c:/intelswtools/issm_2016.1.067/tools/compiler/gcc-ia/5.2.1/bin/../lib/gcc/i586-intel-elfiamcu/5.2.1/../../../../i586-intel-elfiamcu/lib\libc.a(lib_a-errno.o)
 .text          0x00000000        0x0 c:/intelswtools/issm_2016.1.067/tools/compiler/gcc-ia/5.2.1/bin/../lib/gcc/i586-intel-elfiamcu/5.2.1/../../../../i586-intel-elfiamcu/lib\libc.a(lib_a-impure.o)
 .data          0x00000000      0x2a4 c:/intelswtools/issm_2016.1.067/tools/compiler/gcc-ia/5.2.1/bin/../lib/gcc/i586-intel-elfiamcu/5.2.1/../../../../i586-intel-elfiamcu/lib\libc.a(lib_a-impure.o)
 .bss           0x00000000        0x0 c:/intelswtools/issm_2016.1.067/tools/compiler/gcc-ia/5.2.1/bin/../lib/gcc/i586-intel-elfiamcu/5.2.1/../../../../i586-intel-elfiamcu/lib\libc.a(lib_a-impure.o)
 .rodata        0x00000000        0x4 c:/intelswtools/issm_2016.1.067/tools/compiler/gcc-ia/5.2.1/bin/../lib/gcc/i586-intel-elfiamcu/5.2.1/../../../../i586-intel-elfiamcu/lib\libc.a(lib_a-impure.o)
 .rodata.str1.1
                0x00000000        0x2 c:/intelswtools/issm_2016.1.067/tools/compiler/gcc-ia/5.2.1/bin/../lib/gcc/i586-intel-elfiamcu/5.2.1/../../../../i586-intel-elfiamcu/lib\libc.a(lib_a-impure.o)
 .comment       0x00000000       0x6f c:/intelswtools/issm_2016.1.067/tools/compiler/gcc-ia/5.2.1/bin/../lib/gcc/i586-intel-elfiamcu/5.2.1/../../../../i586-intel-elfiamcu/lib\libc.a(lib_a-impure.o)
 .text          0x00000000        0x0 c:/intelswtools/issm_2016.1.067/tools/compiler/gcc-ia/5.2.1/bin/../lib/gcc/i586-intel-elfiamcu/5.2.1/../../../../i586-intel-elfiamcu/lib\libc.a(lib_a-memcpy.o)
 .data          0x00000000        0x0 c:/intelswtools/issm_2016.1.067/tools/compiler/gcc-ia/5.2.1/bin/../lib/gcc/i586-intel-elfiamcu/5.2.1/../../../../i586-intel-elfiamcu/lib\libc.a(lib_a-memcpy.o)
 .bss           0x00000000        0x0 c:/intelswtools/issm_2016.1.067/tools/compiler/gcc-ia/5.2.1/bin/../lib/gcc/i586-intel-elfiamcu/5.2.1/../../../../i586-intel-elfiamcu/lib\libc.a(lib_a-memcpy.o)
 .text          0x00000000        0x0 c:/intelswtools/issm_2016.1.067/tools/compiler/gcc-ia/5.2.1/bin/../lib/gcc/i586-intel-elfiamcu/5.2.1/../../../../i586-intel-elfiamcu/lib\libc.a(lib_a-memset.o)
 .data          0x00000000        0x0 c:/intelswtools/issm_2016.1.067/tools/compiler/gcc-ia/5.2.1/bin/../lib/gcc/i586-intel-elfiamcu/5.2.1/../../../../i586-intel-elfiamcu/lib\libc.a(lib_a-memset.o)
 .bss           0x00000000        0x0 c:/intelswtools/issm_2016.1.067/tools/compiler/gcc-ia/5.2.1/bin/../lib/gcc/i586-intel-elfiamcu/5.2.1/../../../../i586-intel-elfiamcu/lib\libc.a(lib_a-memset.o)
 .text          0x00000000        0x0 ./bsp/build/debug/quark_se/x86/libqmsi/lib\libqmsi_quark_se_1.1.0d.a(clk.o)
 .data          0x00000000        0x0 ./bsp/build/debug/quark_se/x86/libqmsi/lib\libqmsi_quark_se_1.1.0d.a(clk.o)
 .bss           0x00000000        0x0 ./bsp/build/debug/quark_se/x86/libqmsi/lib\libqmsi_quark_se_1.1.0d.a(clk.o)
 .text.apply_flash_timings
                0x00000000       0xe3 ./bsp/build/debug/quark_se/x86/libqmsi/lib\libqmsi_quark_se_1.1.0d.a(clk.o)
 .text.clk_sys_compute_new_frequency
                0x00000000       0xd2 ./bsp/build/debug/quark_se/x86/libqmsi/lib\libqmsi_quark_se_1.1.0d.a(clk.o)
 .rodata.clk_sys_compute_new_frequency
                0x00000000       0x18 ./bsp/build/debug/quark_se/x86/libqmsi/lib\libqmsi_quark_se_1.1.0d.a(clk.o)
 .text.clk_sys_set_mode
                0x00000000      0x1fa ./bsp/build/debug/quark_se/x86/libqmsi/lib\libqmsi_quark_se_1.1.0d.a(clk.o)
 .text.clk_trim_read
                0x00000000       0x34 ./bsp/build/debug/quark_se/x86/libqmsi/lib\libqmsi_quark_se_1.1.0d.a(clk.o)
 .text.clk_trim_apply
                0x00000000       0x70 ./bsp/build/debug/quark_se/x86/libqmsi/lib\libqmsi_quark_se_1.1.0d.a(clk.o)
 .text.clk_adc_set_div
                0x00000000       0x11 ./bsp/build/debug/quark_se/x86/libqmsi/lib\libqmsi_quark_se_1.1.0d.a(clk.o)
 .text.clk_periph_set_div
                0x00000000       0x3d ./bsp/build/debug/quark_se/x86/libqmsi/lib\libqmsi_quark_se_1.1.0d.a(clk.o)
 .text.clk_gpio_db_set_div
                0x00000000       0x52 ./bsp/build/debug/quark_se/x86/libqmsi/lib\libqmsi_quark_se_1.1.0d.a(clk.o)
 .text.clk_ext_set_div
                0x00000000       0x52 ./bsp/build/debug/quark_se/x86/libqmsi/lib\libqmsi_quark_se_1.1.0d.a(clk.o)
 .text.clk_rtc_set_div
                0x00000000       0x52 ./bsp/build/debug/quark_se/x86/libqmsi/lib\libqmsi_quark_se_1.1.0d.a(clk.o)
 .text.clk_periph_disable
                0x00000000       0x37 ./bsp/build/debug/quark_se/x86/libqmsi/lib\libqmsi_quark_se_1.1.0d.a(clk.o)
 .text.clk_sys_get_ticks_per_us
                0x00000000        0xa ./bsp/build/debug/quark_se/x86/libqmsi/lib\libqmsi_quark_se_1.1.0d.a(clk.o)
 .text          0x00000000        0x0 ./bsp/build/debug/quark_se/x86/libqmsi/lib\libqmsi_quark_se_1.1.0d.a(qm_flash.o)
 .data          0x00000000        0x0 ./bsp/build/debug/quark_se/x86/libqmsi/lib\libqmsi_quark_se_1.1.0d.a(qm_flash.o)
 .bss           0x00000000        0x0 ./bsp/build/debug/quark_se/x86/libqmsi/lib\libqmsi_quark_se_1.1.0d.a(qm_flash.o)
 .data.qm_flash
                0x00000000        0x8 ./bsp/build/debug/quark_se/x86/libqmsi/lib\libqmsi_quark_se_1.1.0d.a(qm_flash.o)
 .text.qm_flash_set_config
                0x00000000       0xd0 ./bsp/build/debug/quark_se/x86/libqmsi/lib\libqmsi_quark_se_1.1.0d.a(qm_flash.o)
 .text.qm_flash_word_write
                0x00000000       0xb4 ./bsp/build/debug/quark_se/x86/libqmsi/lib\libqmsi_quark_se_1.1.0d.a(qm_flash.o)
 .text.qm_flash_page_write
                0x00000000      0x123 ./bsp/build/debug/quark_se/x86/libqmsi/lib\libqmsi_quark_se_1.1.0d.a(qm_flash.o)
 .text.qm_flash_page_update
                0x00000000      0x1f3 ./bsp/build/debug/quark_se/x86/libqmsi/lib\libqmsi_quark_se_1.1.0d.a(qm_flash.o)
 .text.qm_flash_page_erase
                0x00000000       0x91 ./bsp/build/debug/quark_se/x86/libqmsi/lib\libqmsi_quark_se_1.1.0d.a(qm_flash.o)
 .text.qm_flash_mass_erase
                0x00000000       0x64 ./bsp/build/debug/quark_se/x86/libqmsi/lib\libqmsi_quark_se_1.1.0d.a(qm_flash.o)
 .debug_info    0x00000000      0x625 ./bsp/build/debug/quark_se/x86/libqmsi/lib\libqmsi_quark_se_1.1.0d.a(qm_flash.o)
 .debug_abbrev  0x00000000      0x178 ./bsp/build/debug/quark_se/x86/libqmsi/lib\libqmsi_quark_se_1.1.0d.a(qm_flash.o)
 .debug_aranges
                0x00000000       0x48 ./bsp/build/debug/quark_se/x86/libqmsi/lib\libqmsi_quark_se_1.1.0d.a(qm_flash.o)
 .debug_ranges  0x00000000       0x38 ./bsp/build/debug/quark_se/x86/libqmsi/lib\libqmsi_quark_se_1.1.0d.a(qm_flash.o)
 .debug_line    0x00000000      0x359 ./bsp/build/debug/quark_se/x86/libqmsi/lib\libqmsi_quark_se_1.1.0d.a(qm_flash.o)
 .debug_str     0x00000000      0x515 ./bsp/build/debug/quark_se/x86/libqmsi/lib\libqmsi_quark_se_1.1.0d.a(qm_flash.o)
 .comment       0x00000000       0x6f ./bsp/build/debug/quark_se/x86/libqmsi/lib\libqmsi_quark_se_1.1.0d.a(qm_flash.o)
 .debug_frame   0x00000000       0xd4 ./bsp/build/debug/quark_se/x86/libqmsi/lib\libqmsi_quark_se_1.1.0d.a(qm_flash.o)
 .text          0x00000000        0x0 ./bsp/build/debug/quark_se/x86/libqmsi/lib\libqmsi_quark_se_1.1.0d.a(qm_interrupt.o)
 .data          0x00000000        0x0 ./bsp/build/debug/quark_se/x86/libqmsi/lib\libqmsi_quark_se_1.1.0d.a(qm_interrupt.o)
 .bss           0x00000000        0x0 ./bsp/build/debug/quark_se/x86/libqmsi/lib\libqmsi_quark_se_1.1.0d.a(qm_interrupt.o)
 .text.idt_set_intr_gate_desc
                0x00000000       0x45 ./bsp/build/debug/quark_se/x86/libqmsi/lib\libqmsi_quark_se_1.1.0d.a(qm_interrupt.o)
 .text._ioapic_set_redtbl_entry
                0x00000000       0x4f ./bsp/build/debug/quark_se/x86/libqmsi/lib\libqmsi_quark_se_1.1.0d.a(qm_interrupt.o)
 .text._ioapic_get_redtbl_entry_lo
                0x00000000       0x22 ./bsp/build/debug/quark_se/x86/libqmsi/lib\libqmsi_quark_se_1.1.0d.a(qm_interrupt.o)
 .text._ioapic_set_redtbl_entry_lo
                0x00000000       0x29 ./bsp/build/debug/quark_se/x86/libqmsi/lib\libqmsi_quark_se_1.1.0d.a(qm_interrupt.o)
 .text.ioapic_register_irq
                0x00000000       0x5f ./bsp/build/debug/quark_se/x86/libqmsi/lib\libqmsi_quark_se_1.1.0d.a(qm_interrupt.o)
 .text.ioapic_mask_irq
                0x00000000       0x29 ./bsp/build/debug/quark_se/x86/libqmsi/lib\libqmsi_quark_se_1.1.0d.a(qm_interrupt.o)
 .text.ioapic_unmask_irq
                0x00000000       0x29 ./bsp/build/debug/quark_se/x86/libqmsi/lib\libqmsi_quark_se_1.1.0d.a(qm_interrupt.o)
 .text.qm_irq_disable
                0x00000000        0x7 ./bsp/build/debug/quark_se/x86/libqmsi/lib\libqmsi_quark_se_1.1.0d.a(qm_interrupt.o)
 .text.qm_irq_enable
                0x00000000        0x7 ./bsp/build/debug/quark_se/x86/libqmsi/lib\libqmsi_quark_se_1.1.0d.a(qm_interrupt.o)
 .text.qm_irq_mask
                0x00000000       0x14 ./bsp/build/debug/quark_se/x86/libqmsi/lib\libqmsi_quark_se_1.1.0d.a(qm_interrupt.o)
 .text.qm_irq_unmask
                0x00000000       0x14 ./bsp/build/debug/quark_se/x86/libqmsi/lib\libqmsi_quark_se_1.1.0d.a(qm_interrupt.o)
 .text._qm_irq_setup
                0x00000000       0x67 ./bsp/build/debug/quark_se/x86/libqmsi/lib\libqmsi_quark_se_1.1.0d.a(qm_interrupt.o)
 .text._qm_register_isr
                0x00000000       0x1a ./bsp/build/debug/quark_se/x86/libqmsi/lib\libqmsi_quark_se_1.1.0d.a(qm_interrupt.o)
 .debug_info    0x00000000      0x737 ./bsp/build/debug/quark_se/x86/libqmsi/lib\libqmsi_quark_se_1.1.0d.a(qm_interrupt.o)
 .debug_abbrev  0x00000000      0x1a3 ./bsp/build/debug/quark_se/x86/libqmsi/lib\libqmsi_quark_se_1.1.0d.a(qm_interrupt.o)
 .debug_aranges
                0x00000000       0x80 ./bsp/build/debug/quark_se/x86/libqmsi/lib\libqmsi_quark_se_1.1.0d.a(qm_interrupt.o)
 .debug_ranges  0x00000000       0x70 ./bsp/build/debug/quark_se/x86/libqmsi/lib\libqmsi_quark_se_1.1.0d.a(qm_interrupt.o)
 .debug_line    0x00000000      0x29d ./bsp/build/debug/quark_se/x86/libqmsi/lib\libqmsi_quark_se_1.1.0d.a(qm_interrupt.o)
 .debug_str     0x00000000      0x783 ./bsp/build/debug/quark_se/x86/libqmsi/lib\libqmsi_quark_se_1.1.0d.a(qm_interrupt.o)
 .comment       0x00000000       0x6f ./bsp/build/debug/quark_se/x86/libqmsi/lib\libqmsi_quark_se_1.1.0d.a(qm_interrupt.o)
 .debug_frame   0x00000000      0x1b4 ./bsp/build/debug/quark_se/x86/libqmsi/lib\libqmsi_quark_se_1.1.0d.a(qm_interrupt.o)
 .text          0x00000000        0x0 ./bsp/build/debug/quark_se/x86/libqmsi/lib\libqmsi_quark_se_1.1.0d.a(qm_pinmux.o)
 .data          0x00000000        0x0 ./bsp/build/debug/quark_se/x86/libqmsi/lib\libqmsi_quark_se_1.1.0d.a(qm_pinmux.o)
 .bss           0x00000000        0x0 ./bsp/build/debug/quark_se/x86/libqmsi/lib\libqmsi_quark_se_1.1.0d.a(qm_pinmux.o)
 .text.qm_pmux_set_slew
                0x00000000       0xa5 ./bsp/build/debug/quark_se/x86/libqmsi/lib\libqmsi_quark_se_1.1.0d.a(qm_pinmux.o)
 .text.qm_pmux_input_en
                0x00000000       0x9b ./bsp/build/debug/quark_se/x86/libqmsi/lib\libqmsi_quark_se_1.1.0d.a(qm_pinmux.o)
 .text.qm_pmux_pullup_en
                0x00000000       0x91 ./bsp/build/debug/quark_se/x86/libqmsi/lib\libqmsi_quark_se_1.1.0d.a(qm_pinmux.o)
 .text          0x00000000        0x0 ./bsp/build/debug/quark_se/x86/libqmsi/lib\libqmsi_quark_se_1.1.0d.a(qm_uart.o)
 .data          0x00000000        0x0 ./bsp/build/debug/quark_se/x86/libqmsi/lib\libqmsi_quark_se_1.1.0d.a(qm_uart.o)
 .bss           0x00000000        0x0 ./bsp/build/debug/quark_se/x86/libqmsi/lib\libqmsi_quark_se_1.1.0d.a(qm_uart.o)
 .bss.write_pos
                0x00000000        0x8 ./bsp/build/debug/quark_se/x86/libqmsi/lib\libqmsi_quark_se_1.1.0d.a(qm_uart.o)
 .bss.read_pos  0x00000000        0x8 ./bsp/build/debug/quark_se/x86/libqmsi/lib\libqmsi_quark_se_1.1.0d.a(qm_uart.o)
 .bss.uart_read_transfer
                0x00000000        0x8 ./bsp/build/debug/quark_se/x86/libqmsi/lib\libqmsi_quark_se_1.1.0d.a(qm_uart.o)
 .bss.uart_write_transfer
                0x00000000        0x8 ./bsp/build/debug/quark_se/x86/libqmsi/lib\libqmsi_quark_se_1.1.0d.a(qm_uart.o)
 .bss.dma_context_tx
                0x00000000       0x10 ./bsp/build/debug/quark_se/x86/libqmsi/lib\libqmsi_quark_se_1.1.0d.a(qm_uart.o)
 .bss.dma_context_rx
                0x00000000       0x10 ./bsp/build/debug/quark_se/x86/libqmsi/lib\libqmsi_quark_se_1.1.0d.a(qm_uart.o)
 .bss.dma_core  0x00000000        0x8 ./bsp/build/debug/quark_se/x86/libqmsi/lib\libqmsi_quark_se_1.1.0d.a(qm_uart.o)
 .bss.dma_delayed_callback_par
                0x00000000       0x18 ./bsp/build/debug/quark_se/x86/libqmsi/lib\libqmsi_quark_se_1.1.0d.a(qm_uart.o)
 .text.is_read_xfer_complete
                0x00000000       0x2d ./bsp/build/debug/quark_se/x86/libqmsi/lib\libqmsi_quark_se_1.1.0d.a(qm_uart.o)
 .text.is_write_xfer_complete
                0x00000000       0x2d ./bsp/build/debug/quark_se/x86/libqmsi/lib\libqmsi_quark_se_1.1.0d.a(qm_uart.o)
 .text.qm_uart_isr_handler
                0x00000000      0x2f3 ./bsp/build/debug/quark_se/x86/libqmsi/lib\libqmsi_quark_se_1.1.0d.a(qm_uart.o)
 .text.qm_uart_0_isr
                0x00000000       0x3e ./bsp/build/debug/quark_se/x86/libqmsi/lib\libqmsi_quark_se_1.1.0d.a(qm_uart.o)
 .text.qm_uart_1_isr
                0x00000000       0x3e ./bsp/build/debug/quark_se/x86/libqmsi/lib\libqmsi_quark_se_1.1.0d.a(qm_uart.o)
 .text.qm_uart_get_status
                0x00000000       0xa5 ./bsp/build/debug/quark_se/x86/libqmsi/lib\libqmsi_quark_se_1.1.0d.a(qm_uart.o)
 .text.qm_uart_read
                0x00000000       0x8b ./bsp/build/debug/quark_se/x86/libqmsi/lib\libqmsi_quark_se_1.1.0d.a(qm_uart.o)
 .text.qm_uart_write_non_block
                0x00000000       0x38 ./bsp/build/debug/quark_se/x86/libqmsi/lib\libqmsi_quark_se_1.1.0d.a(qm_uart.o)
 .text.qm_uart_read_non_block
                0x00000000       0x46 ./bsp/build/debug/quark_se/x86/libqmsi/lib\libqmsi_quark_se_1.1.0d.a(qm_uart.o)
 .text.qm_uart_write_buffer
                0x00000000       0x7e ./bsp/build/debug/quark_se/x86/libqmsi/lib\libqmsi_quark_se_1.1.0d.a(qm_uart.o)
 .text.qm_uart_irq_write
                0x00000000       0x70 ./bsp/build/debug/quark_se/x86/libqmsi/lib\libqmsi_quark_se_1.1.0d.a(qm_uart.o)
 .text.qm_uart_irq_read
                0x00000000       0x70 ./bsp/build/debug/quark_se/x86/libqmsi/lib\libqmsi_quark_se_1.1.0d.a(qm_uart.o)
 .text.qm_uart_irq_write_terminate
                0x00000000       0x7c ./bsp/build/debug/quark_se/x86/libqmsi/lib\libqmsi_quark_se_1.1.0d.a(qm_uart.o)
 .text.qm_uart_irq_read_terminate
                0x00000000       0x7c ./bsp/build/debug/quark_se/x86/libqmsi/lib\libqmsi_quark_se_1.1.0d.a(qm_uart.o)
 .rodata        0x00000000       0xad ./bsp/build/debug/quark_se/x86/libqmsi/lib\libqmsi_quark_se_1.1.0d.a(qm_uart.o)
 .text.uart_dma_callback
                0x00000000      0x140 ./bsp/build/debug/quark_se/x86/libqmsi/lib\libqmsi_quark_se_1.1.0d.a(qm_uart.o)
 .text.uart_client_callback
                0x00000000      0x110 ./bsp/build/debug/quark_se/x86/libqmsi/lib\libqmsi_quark_se_1.1.0d.a(qm_uart.o)
 .text.qm_uart_dma_channel_config
                0x00000000      0x129 ./bsp/build/debug/quark_se/x86/libqmsi/lib\libqmsi_quark_se_1.1.0d.a(qm_uart.o)
 .text.qm_uart_dma_write
                0x00000000       0xf5 ./bsp/build/debug/quark_se/x86/libqmsi/lib\libqmsi_quark_se_1.1.0d.a(qm_uart.o)
 .text.qm_uart_dma_read
                0x00000000       0xf5 ./bsp/build/debug/quark_se/x86/libqmsi/lib\libqmsi_quark_se_1.1.0d.a(qm_uart.o)
 .text.qm_uart_dma_write_terminate
                0x00000000       0x37 ./bsp/build/debug/quark_se/x86/libqmsi/lib\libqmsi_quark_se_1.1.0d.a(qm_uart.o)
 .text.qm_uart_dma_read_terminate
                0x00000000       0x37 ./bsp/build/debug/quark_se/x86/libqmsi/lib\libqmsi_quark_se_1.1.0d.a(qm_uart.o)
 .rodata.__func__.3111
                0x00000000       0x12 ./bsp/build/debug/quark_se/x86/libqmsi/lib\libqmsi_quark_se_1.1.0d.a(qm_uart.o)
 .rodata.__func__.3120
                0x00000000       0x15 ./bsp/build/debug/quark_se/x86/libqmsi/lib\libqmsi_quark_se_1.1.0d.a(qm_uart.o)
 .text          0x00000000        0x0 ./bsp/build/debug/quark_se/x86/libqmsi/lib\libqmsi_quark_se_1.1.0d.a(qm_dma.o)
 .data          0x00000000        0x0 ./bsp/build/debug/quark_se/x86/libqmsi/lib\libqmsi_quark_se_1.1.0d.a(qm_dma.o)
 .bss           0x00000000        0x0 ./bsp/build/debug/quark_se/x86/libqmsi/lib\libqmsi_quark_se_1.1.0d.a(qm_dma.o)
 .text.get_transfer_length
                0x00000000       0x57 ./bsp/build/debug/quark_se/x86/libqmsi/lib\libqmsi_quark_se_1.1.0d.a(qm_dma.o)
 .text.dma_controller_disable
                0x00000000       0x3b ./bsp/build/debug/quark_se/x86/libqmsi/lib\libqmsi_quark_se_1.1.0d.a(qm_dma.o)
 .text.dma_controller_enable
                0x00000000       0x20 ./bsp/build/debug/quark_se/x86/libqmsi/lib\libqmsi_quark_se_1.1.0d.a(qm_dma.o)
 .text.dma_channel_disable
                0x00000000      0x165 ./bsp/build/debug/quark_se/x86/libqmsi/lib\libqmsi_quark_se_1.1.0d.a(qm_dma.o)
 .text.dma_channel_enable
                0x00000000       0x3f ./bsp/build/debug/quark_se/x86/libqmsi/lib\libqmsi_quark_se_1.1.0d.a(qm_dma.o)
 .text.dma_interrupt_disable
                0x00000000       0x40 ./bsp/build/debug/quark_se/x86/libqmsi/lib\libqmsi_quark_se_1.1.0d.a(qm_dma.o)
 .text.dma_interrupt_enable
                0x00000000       0x40 ./bsp/build/debug/quark_se/x86/libqmsi/lib\libqmsi_quark_se_1.1.0d.a(qm_dma.o)
 .text.dma_set_transfer_type
                0x00000000       0x9b ./bsp/build/debug/quark_se/x86/libqmsi/lib\libqmsi_quark_se_1.1.0d.a(qm_dma.o)
 .text.dma_set_source_transfer_width
                0x00000000       0x58 ./bsp/build/debug/quark_se/x86/libqmsi/lib\libqmsi_quark_se_1.1.0d.a(qm_dma.o)
 .text.dma_set_destination_transfer_width
                0x00000000       0x57 ./bsp/build/debug/quark_se/x86/libqmsi/lib\libqmsi_quark_se_1.1.0d.a(qm_dma.o)
 .text.dma_set_source_burst_length
                0x00000000       0x5a ./bsp/build/debug/quark_se/x86/libqmsi/lib\libqmsi_quark_se_1.1.0d.a(qm_dma.o)
 .text.dma_set_destination_burst_length
                0x00000000       0x58 ./bsp/build/debug/quark_se/x86/libqmsi/lib\libqmsi_quark_se_1.1.0d.a(qm_dma.o)
 .text.dma_set_transfer_direction
                0x00000000       0x5a ./bsp/build/debug/quark_se/x86/libqmsi/lib\libqmsi_quark_se_1.1.0d.a(qm_dma.o)
 .text.dma_set_source_increment
                0x00000000       0x58 ./bsp/build/debug/quark_se/x86/libqmsi/lib\libqmsi_quark_se_1.1.0d.a(qm_dma.o)
 .text.dma_set_destination_increment
                0x00000000       0x5a ./bsp/build/debug/quark_se/x86/libqmsi/lib\libqmsi_quark_se_1.1.0d.a(qm_dma.o)
 .text.dma_set_handshake_interface
                0x00000000       0x80 ./bsp/build/debug/quark_se/x86/libqmsi/lib\libqmsi_quark_se_1.1.0d.a(qm_dma.o)
 .text.dma_set_handshake_type
                0x00000000       0x82 ./bsp/build/debug/quark_se/x86/libqmsi/lib\libqmsi_quark_se_1.1.0d.a(qm_dma.o)
 .text.dma_set_handshake_polarity
                0x00000000       0x82 ./bsp/build/debug/quark_se/x86/libqmsi/lib\libqmsi_quark_se_1.1.0d.a(qm_dma.o)
 .text.dma_set_source_address
                0x00000000       0x35 ./bsp/build/debug/quark_se/x86/libqmsi/lib\libqmsi_quark_se_1.1.0d.a(qm_dma.o)
 .text.dma_set_destination_address
                0x00000000       0x37 ./bsp/build/debug/quark_se/x86/libqmsi/lib\libqmsi_quark_se_1.1.0d.a(qm_dma.o)
 .text.dma_set_block_size
                0x00000000       0x57 ./bsp/build/debug/quark_se/x86/libqmsi/lib\libqmsi_quark_se_1.1.0d.a(qm_dma.o)
 .data.qm_dma   0x00000000        0x4 ./bsp/build/debug/quark_se/x86/libqmsi/lib\libqmsi_quark_se_1.1.0d.a(qm_dma.o)
 .bss.dma_channel_config
                0x00000000       0x40 ./bsp/build/debug/quark_se/x86/libqmsi/lib\libqmsi_quark_se_1.1.0d.a(qm_dma.o)
 .rodata        0x00000000       0xaa ./bsp/build/debug/quark_se/x86/libqmsi/lib\libqmsi_quark_se_1.1.0d.a(qm_dma.o)
 .text.qm_dma_isr_handler
                0x00000000      0x108 ./bsp/build/debug/quark_se/x86/libqmsi/lib\libqmsi_quark_se_1.1.0d.a(qm_dma.o)
 .text.qm_dma_isr_err_handler
                0x00000000      0x12a ./bsp/build/debug/quark_se/x86/libqmsi/lib\libqmsi_quark_se_1.1.0d.a(qm_dma.o)
 .text.qm_dma_0_isr_err
                0x00000000       0x3e ./bsp/build/debug/quark_se/x86/libqmsi/lib\libqmsi_quark_se_1.1.0d.a(qm_dma.o)
 .text.qm_dma_0_isr_0
                0x00000000       0x43 ./bsp/build/debug/quark_se/x86/libqmsi/lib\libqmsi_quark_se_1.1.0d.a(qm_dma.o)
 .text.qm_dma_0_isr_1
                0x00000000       0x43 ./bsp/build/debug/quark_se/x86/libqmsi/lib\libqmsi_quark_se_1.1.0d.a(qm_dma.o)
 .text.qm_dma_0_isr_2
                0x00000000       0x43 ./bsp/build/debug/quark_se/x86/libqmsi/lib\libqmsi_quark_se_1.1.0d.a(qm_dma.o)
 .text.qm_dma_0_isr_3
                0x00000000       0x43 ./bsp/build/debug/quark_se/x86/libqmsi/lib\libqmsi_quark_se_1.1.0d.a(qm_dma.o)
 .text.qm_dma_0_isr_4
                0x00000000       0x43 ./bsp/build/debug/quark_se/x86/libqmsi/lib\libqmsi_quark_se_1.1.0d.a(qm_dma.o)
 .text.qm_dma_0_isr_5
                0x00000000       0x43 ./bsp/build/debug/quark_se/x86/libqmsi/lib\libqmsi_quark_se_1.1.0d.a(qm_dma.o)
 .text.qm_dma_0_isr_6
                0x00000000       0x43 ./bsp/build/debug/quark_se/x86/libqmsi/lib\libqmsi_quark_se_1.1.0d.a(qm_dma.o)
 .text.qm_dma_0_isr_7
                0x00000000       0x43 ./bsp/build/debug/quark_se/x86/libqmsi/lib\libqmsi_quark_se_1.1.0d.a(qm_dma.o)
 .text.qm_dma_init
                0x00000000      0x10f ./bsp/build/debug/quark_se/x86/libqmsi/lib\libqmsi_quark_se_1.1.0d.a(qm_dma.o)
 .text.qm_dma_channel_set_config
                0x00000000      0x1a2 ./bsp/build/debug/quark_se/x86/libqmsi/lib\libqmsi_quark_se_1.1.0d.a(qm_dma.o)
 .text.qm_dma_transfer_set_config
                0x00000000       0xc1 ./bsp/build/debug/quark_se/x86/libqmsi/lib\libqmsi_quark_se_1.1.0d.a(qm_dma.o)
 .text.qm_dma_transfer_start
                0x00000000       0xaf ./bsp/build/debug/quark_se/x86/libqmsi/lib\libqmsi_quark_se_1.1.0d.a(qm_dma.o)
 .text.qm_dma_transfer_terminate
                0x00000000       0xe0 ./bsp/build/debug/quark_se/x86/libqmsi/lib\libqmsi_quark_se_1.1.0d.a(qm_dma.o)
 .text.qm_dma_transfer_mem_to_mem
                0x00000000       0x95 ./bsp/build/debug/quark_se/x86/libqmsi/lib\libqmsi_quark_se_1.1.0d.a(qm_dma.o)
 .rodata.__func__.3113
                0x00000000       0x13 ./bsp/build/debug/quark_se/x86/libqmsi/lib\libqmsi_quark_se_1.1.0d.a(qm_dma.o)
 .rodata.__func__.3121
                0x00000000       0x17 ./bsp/build/debug/quark_se/x86/libqmsi/lib\libqmsi_quark_se_1.1.0d.a(qm_dma.o)
 .debug_info    0x00000000     0x17f5 ./bsp/build/debug/quark_se/x86/libqmsi/lib\libqmsi_quark_se_1.1.0d.a(qm_dma.o)
 .debug_abbrev  0x00000000      0x2a6 ./bsp/build/debug/quark_se/x86/libqmsi/lib\libqmsi_quark_se_1.1.0d.a(qm_dma.o)
 .debug_aranges
                0x00000000      0x148 ./bsp/build/debug/quark_se/x86/libqmsi/lib\libqmsi_quark_se_1.1.0d.a(qm_dma.o)
 .debug_ranges  0x00000000      0x138 ./bsp/build/debug/quark_se/x86/libqmsi/lib\libqmsi_quark_se_1.1.0d.a(qm_dma.o)
 .debug_line    0x00000000      0x644 ./bsp/build/debug/quark_se/x86/libqmsi/lib\libqmsi_quark_se_1.1.0d.a(qm_dma.o)
 .debug_str     0x00000000     0x13cd ./bsp/build/debug/quark_se/x86/libqmsi/lib\libqmsi_quark_se_1.1.0d.a(qm_dma.o)
 .comment       0x00000000       0x6f ./bsp/build/debug/quark_se/x86/libqmsi/lib\libqmsi_quark_se_1.1.0d.a(qm_dma.o)
 .debug_frame   0x00000000      0x550 ./bsp/build/debug/quark_se/x86/libqmsi/lib\libqmsi_quark_se_1.1.0d.a(qm_dma.o)

Memory Configuration

Name             Origin             Length             Attributes
flash0           0x40000000         0x0002f000         r
soc_data         0x4002f000         0x00001000         r
flash1           0x40030000         0x00030000         r
sensor_vectors   0xa8000000         0x00000044         rw
esram_idt        0xa800a000         0x00000220         rw
esram            0xa800a220         0x000099e0         rw
stack            0xa8013c00         0x00000400         rw
*default*        0x00000000         0xffffffff

Linker script and memory map

                0xa8000000                __sensor_reset_vector = ORIGIN (sensor_vectors)
                0xa800a000                __idt_start = ORIGIN (esram_idt)
                0xa800a220                __idt_end = (__idt_start + LENGTH (esram_idt))

.text           0x40030000      0x631
 *(.text.entry)
 .text.entry    0x40030000       0x4a ./debug/quark_se/x86/obj/./app_entry.o
                0x40030000                _start
 *(.text)
 *(.text.last)
 *(.text.*)
 .text.main     0x4003004a       0x1c ./debug/quark_se/x86/obj/main.o
                0x4003004a                main
 .text.pico_putchar
                0x40030066       0x22 ./debug/quark_se/x86/obj/./newlib-syscalls.o
 .text.last_digit_to_char
                0x40030088       0x47 ./debug/quark_se/x86/obj/./newlib-syscalls.o
 .text.putuint  0x400300cf       0x85 ./debug/quark_se/x86/obj/./newlib-syscalls.o
 .text.pico_putchars
                0x40030154       0x33 ./debug/quark_se/x86/obj/./newlib-syscalls.o
 .text.pico_printf
                0x40030187      0x179 ./debug/quark_se/x86/obj/./newlib-syscalls.o
                0x40030187                pico_printf
 .text.stdout_uart_setup
                0x40030300       0x6a ./debug/quark_se/x86/obj/./newlib-syscalls.o
                0x40030300                stdout_uart_setup
 .text.memcpy   0x4003036a        0xb c:/intelswtools/issm_2016.1.067/tools/compiler/gcc-ia/5.2.1/bin/../lib/gcc/i586-intel-elfiamcu/5.2.1/../../../../i586-intel-elfiamcu/lib\libc.a(lib_a-memcpy.o)
                0x4003036a                memcpy
 .text.memset   0x40030375        0xe c:/intelswtools/issm_2016.1.067/tools/compiler/gcc-ia/5.2.1/bin/../lib/gcc/i586-intel-elfiamcu/5.2.1/../../../../i586-intel-elfiamcu/lib\libc.a(lib_a-memset.o)
                0x40030375                memset
 .text.clk_periph_enable
                0x40030383       0x33 ./bsp/build/debug/quark_se/x86/libqmsi/lib\libqmsi_quark_se_1.1.0d.a(clk.o)
                0x40030383                clk_periph_enable
 .text.clk_sys_udelay
                0x400303b6       0x42 ./bsp/build/debug/quark_se/x86/libqmsi/lib\libqmsi_quark_se_1.1.0d.a(clk.o)
                0x400303b6                clk_sys_udelay
 .text.pin_to_register
                0x400303f8       0x27 ./bsp/build/debug/quark_se/x86/libqmsi/lib\libqmsi_quark_se_1.1.0d.a(qm_pinmux.o)
 .text.pin_to_offset
                0x4003041f       0x2d ./bsp/build/debug/quark_se/x86/libqmsi/lib\libqmsi_quark_se_1.1.0d.a(qm_pinmux.o)
 .text.qm_pmux_select
                0x4003044c       0xb6 ./bsp/build/debug/quark_se/x86/libqmsi/lib\libqmsi_quark_se_1.1.0d.a(qm_pinmux.o)
                0x4003044c                qm_pmux_select
 .text.qm_uart_set_config
                0x40030502       0xdb ./bsp/build/debug/quark_se/x86/libqmsi/lib\libqmsi_quark_se_1.1.0d.a(qm_uart.o)
                0x40030502                qm_uart_set_config
 .text.qm_uart_write
                0x400305dd       0x54 ./bsp/build/debug/quark_se/x86/libqmsi/lib\libqmsi_quark_se_1.1.0d.a(qm_uart.o)
                0x400305dd                qm_uart_write

.iplt           0x40030640        0x0
 .iplt          0x40030640        0x0 ./debug/quark_se/x86/obj/main.o

.rodata         0x40030631        0xe
 *(.rdata*)
 *(.rodata*)
 .rodata        0x40030631        0xe ./debug/quark_se/x86/obj/main.o

.rel.dyn        0x40030640        0x0
 .rel.iplt      0x40030640        0x0 ./debug/quark_se/x86/obj/main.o
 .rel.text.main
                0x40030640        0x0 ./debug/quark_se/x86/obj/main.o
 .rel.text.entry
                0x40030640        0x0 ./debug/quark_se/x86/obj/main.o
 .rel.text.pico_putchar
                0x40030640        0x0 ./debug/quark_se/x86/obj/main.o
 .rel.text.stdout_uart_setup
                0x40030640        0x0 ./debug/quark_se/x86/obj/main.o
 .rel.text.puts
                0x40030640        0x0 ./debug/quark_se/x86/obj/main.o
 .rel.text.__assert_func
                0x40030640        0x0 ./debug/quark_se/x86/obj/main.o
 .rel.text.close
                0x40030640        0x0 ./debug/quark_se/x86/obj/main.o
 .rel.text.isatty
                0x40030640        0x0 ./debug/quark_se/x86/obj/main.o
 .rel.text.read
                0x40030640        0x0 ./debug/quark_se/x86/obj/main.o
 .rel.text.write
                0x40030640        0x0 ./debug/quark_se/x86/obj/main.o
 .rel.text.lseek
                0x40030640        0x0 ./debug/quark_se/x86/obj/main.o
 .rel.text.fstat
                0x40030640        0x0 ./debug/quark_se/x86/obj/main.o
 .rel.text.sbrk
                0x40030640        0x0 ./debug/quark_se/x86/obj/main.o
 .rel.data.prog_break.3393
                0x40030640        0x0 ./debug/quark_se/x86/obj/main.o
 .rel.text.power_soc_deep_sleep
                0x40030640        0x0 ./debug/quark_se/x86/obj/main.o
 .rel.text.__errno
                0x40030640        0x0 ./debug/quark_se/x86/obj/main.o
 .rel.text.apply_flash_timings
                0x40030640        0x0 ./debug/quark_se/x86/obj/main.o
 .rel.text.idt_set_intr_gate_desc
                0x40030640        0x0 ./debug/quark_se/x86/obj/main.o
 .rel.text.qm_uart_dma_channel_config
                0x40030640        0x0 ./debug/quark_se/x86/obj/main.o
 .rel.text.qm_uart_dma_write
                0x40030640        0x0 ./debug/quark_se/x86/obj/main.o
 .rel.text.qm_uart_dma_read
                0x40030640        0x0 ./debug/quark_se/x86/obj/main.o
 .rel.text.qm_uart_dma_write_terminate
                0x40030640        0x0 ./debug/quark_se/x86/obj/main.o
 .rel.text.qm_uart_dma_read_terminate
                0x40030640        0x0 ./debug/quark_se/x86/obj/main.o

.data           0xa800a220        0xc load address 0x4003063f
 *(.data*)
 .data.ticks_per_us
                0xa800a220        0x4 ./bsp/build/debug/quark_se/x86/libqmsi/lib\libqmsi_quark_se_1.1.0d.a(clk.o)
 .data.qm_uart  0xa800a224        0x8 ./bsp/build/debug/quark_se/x86/libqmsi/lib\libqmsi_quark_se_1.1.0d.a(qm_uart.o)
                0xa800a224                qm_uart

.igot.plt       0xa800a22c        0x0 load address 0x4003064b
 .igot.plt      0xa800a22c        0x0 ./debug/quark_se/x86/obj/main.o

.bss            0xa800a240       0x40
 *(.bss*)
 .bss.stdout_uart_cfg
                0xa800a240        0xc ./debug/quark_se/x86/obj/./newlib-syscalls.o
 *fill*         0xa800a24c       0x14 
 .bss.format_buf.3296
                0xa800a260       0x20 ./debug/quark_se/x86/obj/./newlib-syscalls.o
 *(COMMON)
                0x4003063f                __data_lma = LOADADDR (.data)
                0xa800a220                __data_vma = ADDR (.data)
                0x0000000c                __data_size = SIZEOF (.data)
                0xa800a240                __bss_start = ADDR (.bss)
                0xa800a280                __bss_end = (__bss_start + SIZEOF (.bss))
                0xa800a280                __heap = .
                0xa8013c00                __heap_end = ORIGIN (stack)

.comment        0x00000000       0x6e
 *(.comment)
 .comment       0x00000000       0x6e ./debug/quark_se/x86/obj/main.o
                                 0x6f (size before relaxing)
 .comment       0x0000006e       0x6f ./debug/quark_se/x86/obj/./app_entry.o
 .comment       0x0000006e       0x6f ./debug/quark_se/x86/obj/./newlib-syscalls.o
 .comment       0x0000006e       0x6f ./bsp/build/debug/quark_se/x86/libqmsi/lib\libqmsi_quark_se_1.1.0d.a(clk.o)
 .comment       0x0000006e       0x6f ./bsp/build/debug/quark_se/x86/libqmsi/lib\libqmsi_quark_se_1.1.0d.a(qm_pinmux.o)
 .comment       0x0000006e       0x6f ./bsp/build/debug/quark_se/x86/libqmsi/lib\libqmsi_quark_se_1.1.0d.a(qm_uart.o)
LOAD ./debug/quark_se/x86/obj/main.o
LOAD ./debug/quark_se/x86/obj/./app_entry.o
LOAD ./debug/quark_se/x86/obj/./newlib-syscalls.o
LOAD ./bsp/soc/quark_se/debug/quark_se/x86/obj/power_states.o
LOAD ./bsp/soc/quark_se/debug/quark_se/x86/obj/vreg.o
START GROUP
LOAD c:/intelswtools/issm_2016.1.067/tools/compiler/gcc-ia/5.2.1/bin/../lib/gcc/i586-intel-elfiamcu/5.2.1/../../../../i586-intel-elfiamcu/lib\libc.a
LOAD c:/intelswtools/issm_2016.1.067/tools/compiler/gcc-ia/5.2.1/bin/../lib/gcc/i586-intel-elfiamcu/5.2.1/../../../../i586-intel-elfiamcu/lib\libnosys.a
LOAD c:/intelswtools/issm_2016.1.067/tools/compiler/gcc-ia/5.2.1/bin/../lib/gcc/i586-intel-elfiamcu/5.2.1/../../../../i586-intel-elfiamcu/lib\libsoftfp.a
LOAD c:/intelswtools/issm_2016.1.067/tools/compiler/gcc-ia/5.2.1/bin/../lib/gcc/i586-intel-elfiamcu/5.2.1\libgcc.a
LOAD ./bsp/build/debug/quark_se/x86/libqmsi/lib\libqmsi_quark_se_1.1.0d.a
END GROUP
OUTPUT(./debug/quark_se/x86/obj/Hello_World.elf elf32-iamcu)

.debug_info     0x00000000     0x30b0
 .debug_info    0x00000000       0x8f ./debug/quark_se/x86/obj/main.o
 .debug_info    0x0000008f      0x131 ./debug/quark_se/x86/obj/./app_entry.o
 .debug_info    0x000001c0      0xca8 ./debug/quark_se/x86/obj/./newlib-syscalls.o
 .debug_info    0x00000e68      0x9bd ./bsp/build/debug/quark_se/x86/libqmsi/lib\libqmsi_quark_se_1.1.0d.a(clk.o)
 .debug_info    0x00001825      0x55e ./bsp/build/debug/quark_se/x86/libqmsi/lib\libqmsi_quark_se_1.1.0d.a(qm_pinmux.o)
 .debug_info    0x00001d83     0x132d ./bsp/build/debug/quark_se/x86/libqmsi/lib\libqmsi_quark_se_1.1.0d.a(qm_uart.o)

.debug_abbrev   0x00000000      0x937
 .debug_abbrev  0x00000000       0x44 ./debug/quark_se/x86/obj/main.o
 .debug_abbrev  0x00000044       0x70 ./debug/quark_se/x86/obj/./app_entry.o
 .debug_abbrev  0x000000b4      0x23d ./debug/quark_se/x86/obj/./newlib-syscalls.o
 .debug_abbrev  0x000002f1      0x26a ./bsp/build/debug/quark_se/x86/libqmsi/lib\libqmsi_quark_se_1.1.0d.a(clk.o)
 .debug_abbrev  0x0000055b      0x124 ./bsp/build/debug/quark_se/x86/libqmsi/lib\libqmsi_quark_se_1.1.0d.a(qm_pinmux.o)
 .debug_abbrev  0x0000067f      0x2b8 ./bsp/build/debug/quark_se/x86/libqmsi/lib\libqmsi_quark_se_1.1.0d.a(qm_uart.o)

.debug_aranges  0x00000000      0x270
 .debug_aranges
                0x00000000       0x20 ./debug/quark_se/x86/obj/main.o
 .debug_aranges
                0x00000020       0x20 ./debug/quark_se/x86/obj/./app_entry.o
 .debug_aranges
                0x00000040       0x90 ./debug/quark_se/x86/obj/./newlib-syscalls.o
 .debug_aranges
                0x000000d0       0x88 ./bsp/build/debug/quark_se/x86/libqmsi/lib\libqmsi_quark_se_1.1.0d.a(clk.o)
 .debug_aranges
                0x00000158       0x48 ./bsp/build/debug/quark_se/x86/libqmsi/lib\libqmsi_quark_se_1.1.0d.a(qm_pinmux.o)
 .debug_aranges
                0x000001a0       0xd0 ./bsp/build/debug/quark_se/x86/libqmsi/lib\libqmsi_quark_se_1.1.0d.a(qm_uart.o)

.debug_ranges   0x00000000      0x228
 .debug_ranges  0x00000000       0x10 ./debug/quark_se/x86/obj/main.o
 .debug_ranges  0x00000010       0x10 ./debug/quark_se/x86/obj/./app_entry.o
 .debug_ranges  0x00000020       0x80 ./debug/quark_se/x86/obj/./newlib-syscalls.o
 .debug_ranges  0x000000a0       0x78 ./bsp/build/debug/quark_se/x86/libqmsi/lib\libqmsi_quark_se_1.1.0d.a(clk.o)
 .debug_ranges  0x00000118       0x38 ./bsp/build/debug/quark_se/x86/libqmsi/lib\libqmsi_quark_se_1.1.0d.a(qm_pinmux.o)
 .debug_ranges  0x00000150       0xd8 ./bsp/build/debug/quark_se/x86/libqmsi/lib\libqmsi_quark_se_1.1.0d.a(qm_uart.o)

.debug_line     0x00000000     0x1249
 .debug_line    0x00000000       0x45 ./debug/quark_se/x86/obj/main.o
 .debug_line    0x00000045      0x19b ./debug/quark_se/x86/obj/./app_entry.o
 .debug_line    0x000001e0      0x474 ./debug/quark_se/x86/obj/./newlib-syscalls.o
 .debug_line    0x00000654      0x407 ./bsp/build/debug/quark_se/x86/libqmsi/lib\libqmsi_quark_se_1.1.0d.a(clk.o)
 .debug_line    0x00000a5b      0x21c ./bsp/build/debug/quark_se/x86/libqmsi/lib\libqmsi_quark_se_1.1.0d.a(qm_pinmux.o)
 .debug_line    0x00000c77      0x5d2 ./bsp/build/debug/quark_se/x86/libqmsi/lib\libqmsi_quark_se_1.1.0d.a(qm_uart.o)

.debug_str      0x00000000     0x204d
 .debug_str     0x00000000      0x14e ./debug/quark_se/x86/obj/main.o
                                0x187 (size before relaxing)
 .debug_str     0x0000014e       0x64 ./debug/quark_se/x86/obj/./app_entry.o
                                0x1ef (size before relaxing)
 .debug_str     0x000001b2      0xbb4 ./debug/quark_se/x86/obj/./newlib-syscalls.o
                                0xd98 (size before relaxing)
 .debug_str     0x00000d66      0x6ec ./bsp/build/debug/quark_se/x86/libqmsi/lib\libqmsi_quark_se_1.1.0d.a(clk.o)
                                0xb7d (size before relaxing)
 .debug_str     0x00001452      0x153 ./bsp/build/debug/quark_se/x86/libqmsi/lib\libqmsi_quark_se_1.1.0d.a(qm_pinmux.o)
                                0x6cd (size before relaxing)
 .debug_str     0x000015a5      0xaa8 ./bsp/build/debug/quark_se/x86/libqmsi/lib\libqmsi_quark_se_1.1.0d.a(qm_uart.o)
                                0xfaf (size before relaxing)

.debug_frame    0x00000000      0x828
 .debug_frame   0x00000000       0x2c ./debug/quark_se/x86/obj/main.o
 .debug_frame   0x0000002c       0x34 ./debug/quark_se/x86/obj/./app_entry.o
 .debug_frame   0x00000060      0x1f0 ./debug/quark_se/x86/obj/./newlib-syscalls.o
 .debug_frame   0x00000250      0x1dc ./bsp/build/debug/quark_se/x86/libqmsi/lib\libqmsi_quark_se_1.1.0d.a(clk.o)
 .debug_frame   0x0000042c       0xdc ./bsp/build/debug/quark_se/x86/libqmsi/lib\libqmsi_quark_se_1.1.0d.a(qm_pinmux.o)
 .debug_frame   0x00000508      0x320 ./bsp/build/debug/quark_se/x86/libqmsi/lib\libqmsi_quark_se_1.1.0d.a(qm_uart.o)
